error: Duplicate attribute not allowed.
 --> tests/fail/duplicate_arguments_section.rs:9:1
  |
9 | #[parameters_section]
  | ^^^^^^^^^^^^^^^^^^^^^
